/home/persdg/st/stm32cubeide_1.11.2_2/plugins/com.st.stm32cube.ide.mcu.externaltools.gnu-tools-for-stm32.11.3.rel1.linux64_1.1.1.202309131626/tools/arm-none-eabi/include/c++/11.3.1/bits/std_abs.h:56:3:long int std::abs(long int)	16	static
../Core/Src/components.cpp:16:1:PinControl::PinControl()	16	static
../Core/Src/components.cpp:20:1:PinControl::PinControl(GPIO_TypeDef*, uint16_t)	24	static
../Core/Src/components.cpp:27:1:PinControl::PinControl(GPIO_TypeDef*, uint16_t, float, float)	32	static
../Core/Src/components.cpp:33:6:void PinControl::setLimits(float, float)	24	static
../Core/Src/components.cpp:38:6:void PinControl::set(bool)	16	static
../Core/Src/components.cpp:92:1:PinMeasure::PinMeasure()	16	static
../Core/Src/components.cpp:96:1:PinMeasure::PinMeasure(GPIO_TypeDef*, uint16_t)	24	static
../Core/Src/components.cpp:102:1:PinMeasure::PinMeasure(GPIO_TypeDef*, uint16_t, float, float)	32	static
../Core/Src/components.cpp:109:6:void PinMeasure::setLimits(float, float)	24	static
../Core/Src/components.cpp:114:6:bool PinMeasure::state()	16	static
../Core/Src/components.cpp:148:1:Motor::Motor(PinControl&, PinControl&, TIM_HandleTypeDef*, uint8_t, PinMeasure&)	24	static
../Core/Src/components.cpp:153:1:Motor::Motor(PinControl&, PinControl&, TIM_HandleTypeDef*, uint8_t, TIM_HandleTypeDef*, PinMeasure&)	24	static
../Core/Src/components.cpp:158:1:Motor::~Motor()	16	static
../Core/Src/components.cpp:164:6:long int Motor::getEncoder()	16	static
../Core/Src/components.cpp:168:6:void Motor::invertMotor(bool)	16	static
../Core/Src/components.cpp:171:6:void Motor::driveMotor(int16_t)	24	static
../Core/Src/components.cpp:224:6:bool Motor::isInEndStop()	16	static
../Core/Src/components.cpp:233:1:Robot::Robot(PinControl&, PinControl&, long unsigned int, uint8_t, Motor**, float*)	40	static
../Core/Src/components.cpp:274:1:Robot::Robot(PinControl&, PinControl&, long unsigned int, uint8_t, Motor**)	40	static
../Core/Src/components.cpp:277:1:Robot::Robot(PinControl&, PinControl&, long unsigned int, uint8_t)	40	static
../Core/Src/components.cpp:280:1:Robot::~Robot()	24	static
../Core/Src/components.cpp:294:5:int Robot::getSize()	16	static
../Core/Src/components.cpp:298:15:Robot::Status Robot::getStatus()	16	static
../Core/Src/components.cpp:302:6:void Robot::setStatus(Robot::Status, bool)	16	static
../Core/Src/components.cpp:310:9:Motor* Robot::getMotor(uint8_t)	16	static
../Core/Src/components.cpp:314:6:void Robot::setMotor(uint8_t, Motor*)	24	static
../Core/Src/components.cpp:318:6:void Robot::setMotor(uint8_t, Motor*, float)	24	static
../Core/Src/components.cpp:323:6:void Robot::setEncoderDivider(uint8_t, float)	24	static
../Core/Src/components.cpp:327:7:PID* Robot::getPID(uint8_t)	16	static
../Core/Src/components.cpp:331:6:void Robot::initPIDs(float, float, float, bool)	40	static
../Core/Src/components.cpp:337:6:void Robot::setupPIDs(float, float, float)	32	static
../Core/Src/components.cpp:343:6:void Robot::resetPIDs()	24	static
../Core/Src/components.cpp:372:6:void Robot::setPWMs(int16_t*)	24	static
../Core/Src/components.cpp:378:6:void Robot::setPWM(uint8_t, int16_t)	16	static
../Core/Src/components.cpp:383:6:void Robot::resetPWMs()	24	static
../Core/Src/components.cpp:404:6:void Robot::rcvCtrl(racs_services__srv__Control_Request*)	32	static
../Core/Src/components.cpp:435:6:void Robot::sndCtrl(racs_services__srv__Control_Response*)	32	static
../Core/Src/components.cpp:451:6:void Robot::rcvSetup(racs_services__srv__Setup_Request*)	16	static
../Core/Src/components.cpp:462:6:void Robot::sndSetup(racs_services__srv__Setup_Response*)	16	static
../Core/Src/components.cpp:467:6:void Robot::update()	48	static
../Core/Src/components.cpp:497:6:void Robot::actuate()	24	static
../Core/Src/components.cpp:542:7:Robot create_robot()	528	static
/home/persdg/st/stm32cubeide_1.11.2_2/plugins/com.st.stm32cube.ide.mcu.externaltools.gnu-tools-for-stm32.11.3.rel1.linux64_1.1.1.202309131626/tools/arm-none-eabi/include/c++/11.3.1/bits/stl_algobase.h:254:5:constexpr const _Tp& std::max(const _Tp&, const _Tp&) [with _Tp = short int]	16	static
/home/persdg/st/stm32cubeide_1.11.2_2/plugins/com.st.stm32cube.ide.mcu.externaltools.gnu-tools-for-stm32.11.3.rel1.linux64_1.1.1.202309131626/tools/arm-none-eabi/include/c++/11.3.1/bits/stl_algobase.h:230:5:constexpr const _Tp& std::min(const _Tp&, const _Tp&) [with _Tp = short int]	16	static
/home/persdg/st/stm32cubeide_1.11.2_2/plugins/com.st.stm32cube.ide.mcu.externaltools.gnu-tools-for-stm32.11.3.rel1.linux64_1.1.1.202309131626/tools/arm-none-eabi/include/c++/11.3.1/bits/stl_algobase.h:230:5:constexpr const _Tp& std::min(const _Tp&, const _Tp&) [with _Tp = long int]	16	static
/home/persdg/st/stm32cubeide_1.11.2_2/plugins/com.st.stm32cube.ide.mcu.externaltools.gnu-tools-for-stm32.11.3.rel1.linux64_1.1.1.202309131626/tools/arm-none-eabi/include/c++/11.3.1/bits/stl_algobase.h:254:5:constexpr const _Tp& std::max(const _Tp&, const _Tp&) [with _Tp = float]	16	static
/home/persdg/st/stm32cubeide_1.11.2_2/plugins/com.st.stm32cube.ide.mcu.externaltools.gnu-tools-for-stm32.11.3.rel1.linux64_1.1.1.202309131626/tools/arm-none-eabi/include/c++/11.3.1/bits/stl_algobase.h:230:5:constexpr const _Tp& std::min(const _Tp&, const _Tp&) [with _Tp = float]	16	static
../Core/Src/components.cpp:589:31:void __static_initialization_and_destruction_0(int, int)	16	static
../Core/Src/components.cpp:589:31:cpp)	8	static
../Core/Src/components.cpp:589:31:cpp)	8	static
