../Core/Src/components.cpp:10:1:PinControl::PinControl()	16	static
../Core/Src/components.cpp:14:1:PinControl::PinControl(GPIO_TypeDef*, uint16_t)	24	static
../Core/Src/components.cpp:20:1:PinControl::PinControl(GPIO_TypeDef*, uint16_t, float, float)	32	static
../Core/Src/components.cpp:26:6:void PinControl::setLimits(float, float)	24	static
../Core/Src/components.cpp:31:6:void PinControl::set(bool)	16	static
../Core/Src/components.cpp:85:1:PinMeasure::PinMeasure()	16	static
../Core/Src/components.cpp:89:1:PinMeasure::PinMeasure(GPIO_TypeDef*, uint16_t)	24	static
../Core/Src/components.cpp:95:1:PinMeasure::PinMeasure(GPIO_TypeDef*, uint16_t, float, float)	32	static
../Core/Src/components.cpp:102:6:void PinMeasure::setLimits(float, float)	24	static
../Core/Src/components.cpp:107:6:bool PinMeasure::state()	16	static
../Core/Src/components.cpp:151:1:Motor::Motor(PinControl, PinControl, TIM_HandleTypeDef*, uint8_t, PinMeasure)	16	static
../Core/Src/components.cpp:156:1:Motor::Motor(PinControl, PinControl, TIM_HandleTypeDef*, uint8_t, TIM_HandleTypeDef*, PinMeasure)	16	static
../Core/Src/components.cpp:162:1:Motor::~Motor()	16	static
../Core/Src/components.cpp:168:9:int16_t Motor::getEncoder()	16	static
../Core/Src/components.cpp:176:6:void Motor::invertMotor(bool)	16	static
../Core/Src/components.cpp:179:6:void Motor::driveMotor(int16_t)	24	static
../Core/Src/components.cpp:232:6:bool Motor::isInEndStop()	16	static
../Core/Src/components.cpp:243:1:Robot::Robot(PinControl, PinControl, long unsigned int, uint8_t, Motor**, float*)	32	static
../Core/Src/components.cpp:284:1:Robot::Robot(PinControl, PinControl, long unsigned int, uint8_t, Motor**)	64	static
../Core/Src/components.cpp:287:1:Robot::Robot(PinControl, PinControl, long unsigned int, uint8_t)	64	static
../Core/Src/components.cpp:290:1:Robot::~Robot()	16	static
../Core/Src/components.cpp:299:5:int Robot::getSize()	16	static
../Core/Src/components.cpp:303:15:Robot::Status Robot::getStatus()	16	static
../Core/Src/components.cpp:307:6:void Robot::setStatus(Robot::Status, bool)	16	static
../Core/Src/components.cpp:315:9:Motor* Robot::getMotor(uint8_t)	16	static
../Core/Src/components.cpp:319:6:void Robot::setMotor(uint8_t, Motor*)	24	static
../Core/Src/components.cpp:323:6:void Robot::setMotor(uint8_t, Motor*, float)	24	static
../Core/Src/components.cpp:328:6:void Robot::setEncoderDivider(uint8_t, float)	24	static
../Core/Src/components.cpp:332:7:PID* Robot::getPID(uint8_t)	16	static
../Core/Src/components.cpp:336:6:void Robot::initPIDs(float, float, float, bool)	40	static
../Core/Src/components.cpp:342:6:void Robot::setupPIDs(float, float, float)	32	static
../Core/Src/components.cpp:348:6:void Robot::resetPIDs()	24	static
../Core/Src/components.cpp:376:9:int16_t Robot::getEncoder(uint8_t)	16	static
../Core/Src/components.cpp:380:6:void Robot::setPWMs(const int16_t*)	24	static
../Core/Src/components.cpp:386:6:void Robot::setPWM(uint8_t, int16_t)	16	static
../Core/Src/components.cpp:391:6:void Robot::resetPWMs()	24	static
../Core/Src/components.cpp:398:6:void Robot::enableMotors()	16	static
../Core/Src/components.cpp:403:6:void Robot::disableMotors()	16	static
../Core/Src/components.cpp:408:6:void Robot::rcvCtrl(racs_services__srv__Control_Request*)	24	static
../Core/Src/components.cpp:434:6:void Robot::sndCtrl(racs_services__srv__Control_Response*)	16	static
../Core/Src/components.cpp:438:6:void Robot::rcvSetup(racs_services__srv__Setup_Request*)	16	static
../Core/Src/components.cpp:448:6:void Robot::sndSetup(racs_services__srv__Setup_Response*)	16	static
../Core/Src/components.cpp:452:6:void Robot::update()	48	static
../Core/Src/components.cpp:480:6:void Robot::actuate()	24	static
../Core/Src/components.cpp:525:6:void Robot::cycle()	16	static
../Core/Src/components.cpp:535:7:Robot create_robot()	816	static
/home/persdg/st/stm32cubeide_1.11.2_2/plugins/com.st.stm32cube.ide.mcu.externaltools.gnu-tools-for-stm32.11.3.rel1.linux64_1.1.1.202309131626/tools/arm-none-eabi/include/c++/11.3.1/bits/stl_algobase.h:254:5:constexpr const _Tp& std::max(const _Tp&, const _Tp&) [with _Tp = short int]	16	static
/home/persdg/st/stm32cubeide_1.11.2_2/plugins/com.st.stm32cube.ide.mcu.externaltools.gnu-tools-for-stm32.11.3.rel1.linux64_1.1.1.202309131626/tools/arm-none-eabi/include/c++/11.3.1/bits/stl_algobase.h:230:5:constexpr const _Tp& std::min(const _Tp&, const _Tp&) [with _Tp = short int]	16	static
/home/persdg/st/stm32cubeide_1.11.2_2/plugins/com.st.stm32cube.ide.mcu.externaltools.gnu-tools-for-stm32.11.3.rel1.linux64_1.1.1.202309131626/tools/arm-none-eabi/include/c++/11.3.1/bits/stl_algobase.h:254:5:constexpr const _Tp& std::max(const _Tp&, const _Tp&) [with _Tp = float]	16	static
/home/persdg/st/stm32cubeide_1.11.2_2/plugins/com.st.stm32cube.ide.mcu.externaltools.gnu-tools-for-stm32.11.3.rel1.linux64_1.1.1.202309131626/tools/arm-none-eabi/include/c++/11.3.1/bits/stl_algobase.h:230:5:constexpr const _Tp& std::min(const _Tp&, const _Tp&) [with _Tp = float]	16	static
../Core/Src/components.cpp:584:31:void __static_initialization_and_destruction_0(int, int)	16	static
../Core/Src/components.cpp:584:31:cpp)	8	static
../Core/Src/components.cpp:584:31:cpp)	8	static
