../Core/Src/components.cpp:10:1:PinControl::PinControl()	16	static
../Core/Src/components.cpp:14:1:PinControl::PinControl(GPIO_TypeDef*, uint16_t)	24	static
../Core/Src/components.cpp:20:1:PinControl::PinControl(GPIO_TypeDef*, uint16_t, float, float)	32	static
../Core/Src/components.cpp:26:6:void PinControl::setLimits(float, float)	24	static
../Core/Src/components.cpp:31:6:void PinControl::set(bool)	16	static
../Core/Src/components.cpp:85:1:PinMeasure::PinMeasure()	16	static
../Core/Src/components.cpp:89:1:PinMeasure::PinMeasure(GPIO_TypeDef*, uint16_t)	24	static
../Core/Src/components.cpp:95:1:PinMeasure::PinMeasure(GPIO_TypeDef*, uint16_t, float, float)	32	static
../Core/Src/components.cpp:102:6:void PinMeasure::setLimits(float, float)	24	static
../Core/Src/components.cpp:107:6:bool PinMeasure::state()	16	static
../Core/Src/components.cpp:141:1:Motor::Motor(PinControl&, PinControl&, TIM_HandleTypeDef*, uint8_t, PinMeasure&)	24	static
../Core/Src/components.cpp:146:1:Motor::Motor(PinControl&, PinControl&, TIM_HandleTypeDef*, uint8_t, TIM_HandleTypeDef*, PinMeasure&)	24	static
../Core/Src/components.cpp:151:1:Motor::~Motor()	16	static
../Core/Src/components.cpp:157:6:long int Motor::getEncoder()	16	static
../Core/Src/components.cpp:161:6:void Motor::invertMotor(bool)	16	static
../Core/Src/components.cpp:164:6:void Motor::driveMotor(int16_t)	24	static
../Core/Src/components.cpp:217:6:bool Motor::isInEndStop()	16	static
../Core/Src/components.cpp:226:1:Robot::Robot(PinControl&, PinControl&, long unsigned int, uint8_t, Motor**, float*)	32	static
../Core/Src/components.cpp:261:1:Robot::Robot(PinControl&, PinControl&, long unsigned int, uint8_t, Motor**)	40	static
../Core/Src/components.cpp:264:1:Robot::Robot(PinControl&, PinControl&, long unsigned int, uint8_t)	40	static
../Core/Src/components.cpp:267:1:Robot::~Robot()	16	static
../Core/Src/components.cpp:276:5:int Robot::getSize()	16	static
../Core/Src/components.cpp:280:15:Robot::Status Robot::getStatus()	16	static
../Core/Src/components.cpp:284:6:void Robot::setStatus(Robot::Status, bool)	16	static
../Core/Src/components.cpp:292:9:Motor* Robot::getMotor(uint8_t)	16	static
../Core/Src/components.cpp:296:6:void Robot::setMotor(uint8_t, Motor*)	24	static
../Core/Src/components.cpp:300:6:void Robot::setMotor(uint8_t, Motor*, float)	24	static
../Core/Src/components.cpp:305:6:void Robot::setEncoderDivider(uint8_t, float)	24	static
../Core/Src/components.cpp:309:7:PID* Robot::getPID(uint8_t)	16	static
../Core/Src/components.cpp:313:6:void Robot::initPIDs(float, float, float, bool)	40	static
../Core/Src/components.cpp:319:6:void Robot::setupPIDs(float, float, float)	32	static
../Core/Src/components.cpp:325:6:void Robot::resetPIDs()	24	static
../Core/Src/components.cpp:353:9:int16_t Robot::getEncoder(uint8_t)	16	static
../Core/Src/components.cpp:357:6:void Robot::setPWMs(int16_t*)	24	static
../Core/Src/components.cpp:363:6:void Robot::setPWM(uint8_t, int16_t)	16	static
../Core/Src/components.cpp:368:6:void Robot::resetPWMs()	24	static
../Core/Src/components.cpp:375:6:void Robot::enableMotors()	16	static
../Core/Src/components.cpp:380:6:void Robot::disableMotors()	16	static
../Core/Src/components.cpp:385:6:void Robot::rcvCtrl(racs_services__srv__Control_Request*)	24	static
../Core/Src/components.cpp:416:6:void Robot::sndCtrl(racs_services__srv__Control_Response*)	16	static
../Core/Src/components.cpp:420:6:void Robot::rcvSetup(racs_services__srv__Setup_Request*)	16	static
../Core/Src/components.cpp:430:6:void Robot::sndSetup(racs_services__srv__Setup_Response*)	16	static
../Core/Src/components.cpp:434:6:void Robot::update()	48	static
../Core/Src/components.cpp:462:6:void Robot::actuate()	24	static
../Core/Src/components.cpp:507:6:void Robot::cycle(long unsigned int)	16	static
../Core/Src/components.cpp:517:7:Robot create_robot()	552	static
/home/persdg/st/stm32cubeide_1.11.2_2/plugins/com.st.stm32cube.ide.mcu.externaltools.gnu-tools-for-stm32.11.3.rel1.linux64_1.1.1.202309131626/tools/arm-none-eabi/include/c++/11.3.1/bits/stl_algobase.h:254:5:constexpr const _Tp& std::max(const _Tp&, const _Tp&) [with _Tp = short int]	16	static
/home/persdg/st/stm32cubeide_1.11.2_2/plugins/com.st.stm32cube.ide.mcu.externaltools.gnu-tools-for-stm32.11.3.rel1.linux64_1.1.1.202309131626/tools/arm-none-eabi/include/c++/11.3.1/bits/stl_algobase.h:230:5:constexpr const _Tp& std::min(const _Tp&, const _Tp&) [with _Tp = short int]	16	static
/home/persdg/st/stm32cubeide_1.11.2_2/plugins/com.st.stm32cube.ide.mcu.externaltools.gnu-tools-for-stm32.11.3.rel1.linux64_1.1.1.202309131626/tools/arm-none-eabi/include/c++/11.3.1/bits/stl_algobase.h:254:5:constexpr const _Tp& std::max(const _Tp&, const _Tp&) [with _Tp = float]	16	static
/home/persdg/st/stm32cubeide_1.11.2_2/plugins/com.st.stm32cube.ide.mcu.externaltools.gnu-tools-for-stm32.11.3.rel1.linux64_1.1.1.202309131626/tools/arm-none-eabi/include/c++/11.3.1/bits/stl_algobase.h:230:5:constexpr const _Tp& std::min(const _Tp&, const _Tp&) [with _Tp = float]	16	static
../Core/Src/components.cpp:566:31:void __static_initialization_and_destruction_0(int, int)	16	static
../Core/Src/components.cpp:566:31:cpp)	8	static
../Core/Src/components.cpp:566:31:cpp)	8	static
