../Core/Inc/control.hpp:11:3:Integrator::Integrator()	16	static
../Core/Inc/control.hpp:12:3:Integrator::~Integrator()	16	static
../Core/Inc/control.hpp:34:3:Filter::Filter()	16	static
../Core/Inc/control.hpp:63:3:PID::PID()	16	static
../Core/Src/components.cpp:11:1:PinControl::PinControl()	16	static
../Core/Src/components.cpp:15:1:PinControl::PinControl(GPIO_TypeDef*, uint16_t)	24	static
../Core/Src/components.cpp:21:1:PinControl::PinControl(GPIO_TypeDef*, uint16_t, float, float)	32	static
../Core/Src/components.cpp:27:6:void PinControl::setLimits(float, float)	24	static
../Core/Src/components.cpp:32:6:void PinControl::set(bool)	16	static
../Core/Src/components.cpp:56:1:PinMeasure::PinMeasure()	16	static
../Core/Src/components.cpp:60:1:PinMeasure::PinMeasure(GPIO_TypeDef*, uint16_t)	24	static
../Core/Src/components.cpp:66:1:PinMeasure::PinMeasure(GPIO_TypeDef*, uint16_t, float, float)	32	static
../Core/Src/components.cpp:72:6:void PinMeasure::setLimits(float, float)	24	static
../Core/Src/components.cpp:77:6:bool PinMeasure::state()	16	static
../Core/Src/components.cpp:121:1:Motor::Motor(PinControl, PinControl, TIM_HandleTypeDef*, uint8_t, PinMeasure)	16	static
../Core/Src/components.cpp:126:1:Motor::Motor(PinControl, PinControl, TIM_HandleTypeDef*, uint8_t, TIM_HandleTypeDef*, PinMeasure)	16	static
../Core/Src/components.cpp:132:1:Motor::~Motor()	16	static
../Core/Src/components.cpp:138:9:int16_t Motor::getEncoder()	16	static
../Core/Src/components.cpp:146:6:void Motor::driveMotor(int16_t)	24	static
../Core/Src/components.cpp:201:6:bool Motor::isInEndStop()	16	static
../Core/Src/components.cpp:210:1:Robot::Robot()	16	static
../Core/Inc/control.hpp:60:7:PID::~PID()	16	static
../Core/Src/components.cpp:214:1:Robot::Robot(PinControl, PinControl, long unsigned int, uint8_t, Motor**, float*)	184	static
../Core/Src/components.cpp:244:1:Robot::Robot(PinControl, PinControl, long unsigned int, uint8_t, Motor**)	64	static
../Core/Src/components.cpp:247:1:Robot::Robot(PinControl, PinControl, long unsigned int, uint8_t)	64	static
../Core/Src/components.cpp:250:1:Robot::~Robot()	16	static
../Core/Src/components.cpp:259:5:int Robot::getSize()	16	static
../Core/Src/components.cpp:263:15:Robot::Status Robot::getStatus()	16	static
../Core/Src/components.cpp:267:6:void Robot::setStatus(Robot::Status, bool)	16	static
../Core/Src/components.cpp:274:9:Motor* Robot::getMotor(uint8_t)	16	static
../Core/Src/components.cpp:278:6:void Robot::setMotor(uint8_t, Motor*)	24	static
../Core/Src/components.cpp:282:6:void Robot::setMotor(uint8_t, Motor*, float)	24	static
../Core/Src/components.cpp:287:6:void Robot::setEncoderDivider(uint8_t, float)	24	static
../Core/Src/components.cpp:291:7:PID* Robot::getPID(uint8_t)	16	static
../Core/Src/components.cpp:295:6:void Robot::initPIDs(float, float, float, bool)	40	static
../Core/Src/components.cpp:301:6:void Robot::setupPIDs(float, float, float)	32	static
../Core/Src/components.cpp:307:6:void Robot::resetPIDs()	24	static
../Core/Src/components.cpp:313:9:int16_t Robot::getEncoder(uint8_t)	16	static
../Core/Src/components.cpp:317:6:void Robot::setEncoder(uint8_t, int16_t)	16	static
../Core/Src/components.cpp:321:6:void Robot::setEncoders(const int16_t*)	24	static
../Core/Src/components.cpp:327:6:void Robot::setPWMs(const int16_t*)	24	static
../Core/Src/components.cpp:333:6:void Robot::setPWM(uint8_t, int16_t)	16	static
../Core/Src/components.cpp:338:6:void Robot::resetPWMs()	24	static
../Core/Src/components.cpp:345:6:void Robot::enableMotors()	16	static
../Core/Src/components.cpp:350:6:void Robot::disableMotors()	16	static
../Core/Src/components.cpp:355:6:void Robot::toggle(bool)	16	static
../Core/Src/components.cpp:359:6:void Robot::rcvCtrl(racs_services__srv__Control_Request*)	24	static
../Core/Src/components.cpp:385:6:void Robot::sndCtrl(racs_services__srv__Control_Response*)	16	static
../Core/Src/components.cpp:389:6:void Robot::rcvSetup(racs_services__srv__Setup_Request*)	16	static
../Core/Src/components.cpp:399:6:void Robot::sndSetup(racs_services__srv__Setup_Response*)	16	static
../Core/Src/components.cpp:403:6:void Robot::update()	56	static
../Core/Src/components.cpp:434:6:void Robot::actuate()	24	static
../Core/Src/components.cpp:440:6:void Robot::cycle()	16	static
../Core/Src/components.cpp:445:7:Robot create_robot()	768	static
/home/persdg/st/stm32cubeide_1.11.2_2/plugins/com.st.stm32cube.ide.mcu.externaltools.gnu-tools-for-stm32.11.3.rel1.linux64_1.1.1.202309131626/tools/arm-none-eabi/include/c++/11.3.1/bits/stl_algobase.h:254:5:constexpr const _Tp& std::max(const _Tp&, const _Tp&) [with _Tp = float]	16	static
/home/persdg/st/stm32cubeide_1.11.2_2/plugins/com.st.stm32cube.ide.mcu.externaltools.gnu-tools-for-stm32.11.3.rel1.linux64_1.1.1.202309131626/tools/arm-none-eabi/include/c++/11.3.1/bits/stl_algobase.h:230:5:constexpr const _Tp& std::min(const _Tp&, const _Tp&) [with _Tp = float]	16	static
../Core/Src/components.cpp:518:31:void __static_initialization_and_destruction_0(int, int)	16	static
../Core/Src/components.cpp:518:31:cpp)	8	static
../Core/Src/components.cpp:518:31:cpp)	8	static
