/home/persdg/st/stm32cubeide_1.11.2_2/plugins/com.st.stm32cube.ide.mcu.externaltools.gnu-tools-for-stm32.11.3.rel1.linux64_1.1.1.202309131626/tools/arm-none-eabi/include/c++/11.3.1/bits/std_abs.h:75:3:constexpr float std::abs(float)	16	static
/home/persdg/st/stm32cubeide_1.11.2_2/plugins/com.st.stm32cube.ide.mcu.externaltools.gnu-tools-for-stm32.11.3.rel1.linux64_1.1.1.202309131626/tools/arm-none-eabi/include/c++/11.3.1/cmath:222:3:constexpr float std::exp(float)	16	static
../Core/Inc/control.hpp:11:3:Integrator::Integrator()	16	static
../Core/Inc/control.hpp:12:3:Integrator::~Integrator()	16	static
../Core/Inc/control.hpp:34:3:Filter::Filter()	16	static
../Core/Src/control.cpp:6:6:void Integrator::init(float, float)	24	static
../Core/Src/control.cpp:12:6:void Integrator::reset()	16	static
../Core/Src/control.cpp:17:6:void Integrator::reset(float)	16	static
../Core/Src/control.cpp:22:6:void Integrator::input(float)	16	static
../Core/Src/control.cpp:27:6:void Integrator::step()	16	static
../Core/Src/control.cpp:33:7:float Integrator::output()	16	static
../Core/Src/control.cpp:38:7:float Integrator::evolve(float)	24	static
../Core/Src/control.cpp:49:6:void Integrator::apply_saturation()	16	static
../Core/Src/control.cpp:58:6:void PID::init(float, float, float, bool)	136	static
../Core/Src/control.cpp:72:6:void PID::setup(float, float, float)	24	static
../Core/Src/control.cpp:79:6:void PID::reset()	16	static
../Core/Src/control.cpp:84:6:void PID::reset(float, float)	24	static
../Core/Src/control.cpp:90:6:void PID::input(float)	16	static
../Core/Src/control.cpp:95:6:void PID::step()	24	static
../Core/Src/control.cpp:109:7:float PID::output()	16	static
../Core/Src/control.cpp:114:7:float PID::evolve(float)	16	static
../Core/Src/control.cpp:123:6:void PID::show(int, racs_services__msg__Debug&)	24	static
../Core/Src/control.cpp:133:7:float PID::apply_saturation(float)	16	static
../Core/Src/control.cpp:146:6:void Filter::init(float, float, float, float, float)	40	static
../Core/Src/control.cpp:175:6:void Filter::reset()	16	static
../Core/Src/control.cpp:180:6:void Filter::reset(float)	16	static
../Core/Src/control.cpp:185:6:void Filter::input(float)	16	static
../Core/Src/control.cpp:190:6:void Filter::step()	16	static
../Core/Src/control.cpp:195:7:float Filter::output()	16	static
../Core/Src/control.cpp:200:7:float Filter::evolve(float)	24	static
