/home/persdg/st/stm32cubeide_1.11.2_2/plugins/com.st.stm32cube.ide.mcu.externaltools.gnu-tools-for-stm32.11.3.rel1.linux64_1.1.1.202309131626/tools/arm-none-eabi/include/c++/11.3.1/cmath:222:3:constexpr float std::exp(float)	16	static
../Core/Src/control.cpp:6:6:void Integrator::init(float)	16	static
../Core/Src/control.cpp:11:6:void Integrator::reset()	16	static
../Core/Src/control.cpp:16:6:void Integrator::reset(float)	16	static
../Core/Src/control.cpp:21:6:void Integrator::input(float)	16	static
../Core/Src/control.cpp:26:6:void Integrator::step()	16	static
../Core/Src/control.cpp:31:7:float Integrator::output()	16	static
../Core/Src/control.cpp:36:7:float Integrator::evolve(float)	24	static
../Core/Src/control.cpp:50:6:void PID::init(float, float, float, bool)	32	static
../Core/Src/control.cpp:75:6:void PID::setup(float, float, float)	24	static
../Core/Src/control.cpp:82:6:void PID::reset()	16	static
../Core/Src/control.cpp:87:6:void PID::reset(float, float)	24	static
../Core/Src/control.cpp:95:6:void PID::input(float)	16	static
../Core/Src/control.cpp:100:6:void PID::step()	16	static
../Core/Src/control.cpp:108:7:float PID::output()	24	static
../Core/Src/control.cpp:118:7:float PID::evolve(float)	24	static
../Core/Src/control.cpp:129:6:void PID::apply_saturation()	16	static
../Core/Src/control.cpp:141:6:void Filter::init(float, float)	24	static
../Core/Src/control.cpp:148:6:void Filter::reset()	16	static
../Core/Src/control.cpp:153:6:void Filter::reset(float)	16	static
../Core/Src/control.cpp:158:6:void Filter::input(float)	16	static
../Core/Src/control.cpp:163:6:void Filter::step()	16	static
../Core/Src/control.cpp:168:7:float Filter::output()	16	static
../Core/Src/control.cpp:173:7:float Filter::evolve(float)	24	static
